PASS  1. server reachable: GET /api/ingest/limits -> 200 {'max_upload_bytes': 4294967296}
      upload  10%       5.0 MiB   187.1 MiB/s
      upload  20%      10.0 MiB   151.3 MiB/s
      upload  31%      15.0 MiB   172.3 MiB/s
      upload  41%      20.0 MiB   171.3 MiB/s
      upload  51%      25.0 MiB   166.9 MiB/s
      upload  62%      30.0 MiB   162.3 MiB/s
      upload  70%      34.0 MiB   162.2 MiB/s
      upload  80%      39.0 MiB   160.6 MiB/s
      upload  91%      44.0 MiB   156.9 MiB/s
      upload 100%      48.3 MiB   157.6 MiB/s
PASS  2. Day 4 uploaded over HTTP with progress; job completes: HTTP 202, upload 0.4 s, 10 progress marks, job succeeded
PASS  3. Day 4 artifacts: h264/aac with moov first, wav pcm_s16le 16 kHz mono, thumbnail: video h264/yuv420p, audio aac, moov-before-mdat=True, wav pcm_s16le 16000 Hz x1, thumbnail=True
PASS  4. Day 4 durations: |wav-mp4| <= 1 s, |mp4-source| <= max(2 s, 1%): wav 688.030 s, mp4 688.030 s, source 688.030 s; |wav-mp4|=0.000, |mp4-source|=0.000 (limit 6.88)
PASS  5. Day 4 source.json/normalise.json: kind, via, sha256, decision, version, warnings: kind=upload via=http sha256 matches decision={'video': 'copy', 'audio': 'copy'} normaliser_version=2 warnings=[]
PASS  6. re-upload of Day 4 is deduplicated with no new job: HTTP 200 {'lecture_id': 'sha256-de27cb67c2acbedebd0c2c7416932b8a', 'job_id': None, 'deduplicated': True}; jobs 14 -> 14
      fixtures built in /tmp/m2_verify_sbanjvru: audio_only, hevc, short, small_ok, sync, text, video_only
PASS  7. rejections over HTTP: right code, no lecture dir, staging empty: audio_only: NO_VIDEO_STREAM: job failed, code in error=True, no lecture dir=True; video_only: NO_AUDIO_STREAM: job failed, code in error=True, no lecture dir=True; text: NOT_A_VIDEO: job failed, code in error=True, no lecture dir=True; short: TOO_SHORT: job failed, code in error=True, no lecture dir=True; staging: staging files left: []
PASS  8. HEVC fixture accepted with video=transcode: HTTP 202, job succeeded, decision {'video': 'transcode', 'audio': 'copy'}
PASS  9. flash/beep fixture with audio delayed 1.5 s: |flash-beep| <= one frame: flash 5.000 s, beep 4.999 s, offset -0.6 ms (limit 40 ms)
PASS  10. interrupted upload leaves no staging file in 5 s; server healthy; busy slot freed: staging after: [], healthy=True, next upload HTTP 202
PASS  11. missing rights header -> 400 RIGHTS_NOT_CONFIRMED: HTTP 400 {'error': {'code': 'RIGHTS_NOT_CONFIRMED', 'message': 'Please confirm you have the right to use this video before adding it.'}}
PASS  12. oversize Content-Length -> 413 in under 1 s without sending the body: HTTP 413 after 2 ms (limit 4294967296 bytes)
PASS  13. CLI ingest-file on a small fixture succeeds: exit 0, outcome succeeded, jobs 21 -> 22

13/13 checks passed
evidence: /home/bilal_aamir/insightex/docs/evidence/m2/m2_verify_20261009T095252Z.json
